one
two
three
four
five
six
one
two
three
four
five
six
